// Jest Snapshot v1, https://goo.gl/fbAQLP

exports[`should load LoginPage correctly 1`] = `
<div
  className="box-layout"
>
  <div
    className="box-layout__box"
  >
    <h1
      className="box-layout__title"
    >
      Boilerplate React Application
    </h1>
    <p>
      Application Tagline
    </p>
    <button
      className="button"
    >
      Login with Google
    </button>
  </div>
</div>
`;
